14:49:37 **** Incremental Build of configuration Debug for project bootloader ****
make all 
Building file: ../driver/driver_api/src/uarts_interface.c
Invoking: Andes C Compiler
nds32le-elf-gcc -DCFG_APP_CONFIG -I"/cygdrive/D/BanAirBundy/bootloader/src" -I"/cygdrive/D/BanAirBundy/bootloader/src/firmware_upgrade" -I"/cygdrive/D/BanAirBundy/bootloader/otg/device/inc" -I"/cygdrive/D/BanAirBundy/bootloader/driver/driver/inc" -I"/cygdrive/D/BanAirBundy/bootloader/driver/driver_api/inc" -I"/cygdrive/D/BanAirBundy/bootloader/middleware/mv_utils/inc" -I"/cygdrive/D/BanAirBundy/bootloader/middleware/audio/inc" -Og -mcmodel=medium -g3 -Wall -mcpu=d1088-spu -c -fmessage-length=0 -ldsp -mext-dsp -fsingle-precision-constant -ffunction-sections -fdata-sections -MMD -MP -MF"driver/driver_api/src/uarts_interface.d" -MT"driver/driver_api/src/uarts_interface.d driver/driver_api/src/uarts_interface.o" -o "driver/driver_api/src/uarts_interface.o" "../driver/driver_api/src/uarts_interface.c"
Finished building: ../driver/driver_api/src/uarts_interface.c
 
Building file: ../otg/device/src/otg_device_cdc.c
Invoking: Andes C Compiler
nds32le-elf-gcc -DCFG_APP_CONFIG -I"/cygdrive/D/BanAirBundy/bootloader/src" -I"/cygdrive/D/BanAirBundy/bootloader/src/firmware_upgrade" -I"/cygdrive/D/BanAirBundy/bootloader/otg/device/inc" -I"/cygdrive/D/BanAirBundy/bootloader/driver/driver/inc" -I"/cygdrive/D/BanAirBundy/bootloader/driver/driver_api/inc" -I"/cygdrive/D/BanAirBundy/bootloader/middleware/mv_utils/inc" -I"/cygdrive/D/BanAirBundy/bootloader/middleware/audio/inc" -Og -mcmodel=medium -g3 -Wall -mcpu=d1088-spu -c -fmessage-length=0 -ldsp -mext-dsp -fsingle-precision-constant -ffunction-sections -fdata-sections -MMD -MP -MF"otg/device/src/otg_device_cdc.d" -MT"otg/device/src/otg_device_cdc.d otg/device/src/otg_device_cdc.o" -o "otg/device/src/otg_device_cdc.o" "../otg/device/src/otg_device_cdc.c"
Finished building: ../otg/device/src/otg_device_cdc.c
 
Building file: ../otg/device/src/otg_device_standard_request.c
Invoking: Andes C Compiler
nds32le-elf-gcc -DCFG_APP_CONFIG -I"/cygdrive/D/BanAirBundy/bootloader/src" -I"/cygdrive/D/BanAirBundy/bootloader/src/firmware_upgrade" -I"/cygdrive/D/BanAirBundy/bootloader/otg/device/inc" -I"/cygdrive/D/BanAirBundy/bootloader/driver/driver/inc" -I"/cygdrive/D/BanAirBundy/bootloader/driver/driver_api/inc" -I"/cygdrive/D/BanAirBundy/bootloader/middleware/mv_utils/inc" -I"/cygdrive/D/BanAirBundy/bootloader/middleware/audio/inc" -Og -mcmodel=medium -g3 -Wall -mcpu=d1088-spu -c -fmessage-length=0 -ldsp -mext-dsp -fsingle-precision-constant -ffunction-sections -fdata-sections -MMD -MP -MF"otg/device/src/otg_device_standard_request.d" -MT"otg/device/src/otg_device_standard_request.d otg/device/src/otg_device_standard_request.o" -o "otg/device/src/otg_device_standard_request.o" "../otg/device/src/otg_device_standard_request.c"
In file included from ../otg/device/src/otg_device_standard_request.c:24:0:
/cygdrive/D/BanAirBundy/bootloader/src/app_config.h:18:0: warning: "AUDIO_MAX_VOLUME" redefined
 #define AUDIO_MAX_VOLUME        0x7FFF
 ^
In file included from ../otg/device/src/otg_device_standard_request.c:20:0:
/cygdrive/D/BanAirBundy/bootloader/otg/device/inc/otg_device_audio.h:15:0: note: this is the location of the previous definition
Finished building: ../otg/device/src/otg_device_standard_request.c
 #define AUDIO_MAX_VOLUME  4096
 ^
 
Building file: ../otg/otg_fifo.c
Invoking: Andes C Compiler
nds32le-elf-gcc -DCFG_APP_CONFIG -I"/cygdrive/D/BanAirBundy/bootloader/src" -I"/cygdrive/D/BanAirBundy/bootloader/src/firmware_upgrade" -I"/cygdrive/D/BanAirBundy/bootloader/otg/device/inc" -I"/cygdrive/D/BanAirBundy/bootloader/driver/driver/inc" -I"/cygdrive/D/BanAirBundy/bootloader/driver/driver_api/inc" -I"/cygdrive/D/BanAirBundy/bootloader/middleware/mv_utils/inc" -I"/cygdrive/D/BanAirBundy/bootloader/middleware/audio/inc" -Og -mcmodel=medium -g3 -Wall -mcpu=d1088-spu -c -fmessage-length=0 -ldsp -mext-dsp -fsingle-precision-constant -ffunction-sections -fdata-sections -MMD -MP -MF"otg/otg_fifo.d" -MT"otg/otg_fifo.d otg/otg_fifo.o" -o "otg/otg_fifo.o" "../otg/otg_fifo.c"
Finished building: ../otg/otg_fifo.c
 
Building file: ../src/firmware_upgrade/app_upgrade.c
Invoking: Andes C Compiler
nds32le-elf-gcc -DCFG_APP_CONFIG -I"/cygdrive/D/BanAirBundy/bootloader/src" -I"/cygdrive/D/BanAirBundy/bootloader/src/firmware_upgrade" -I"/cygdrive/D/BanAirBundy/bootloader/otg/device/inc" -I"/cygdrive/D/BanAirBundy/bootloader/driver/driver/inc" -I"/cygdrive/D/BanAirBundy/bootloader/driver/driver_api/inc" -I"/cygdrive/D/BanAirBundy/bootloader/middleware/mv_utils/inc" -I"/cygdrive/D/BanAirBundy/bootloader/middleware/audio/inc" -Og -mcmodel=medium -g3 -Wall -mcpu=d1088-spu -c -fmessage-length=0 -ldsp -mext-dsp -fsingle-precision-constant -ffunction-sections -fdata-sections -MMD -MP -MF"src/firmware_upgrade/app_upgrade.d" -MT"src/firmware_upgrade/app_upgrade.d src/firmware_upgrade/app_upgrade.o" -o "src/firmware_upgrade/app_upgrade.o" "../src/firmware_upgrade/app_upgrade.c"
Finished building: ../src/firmware_upgrade/app_upgrade.c
 
Building file: ../src/firmware_upgrade/boot_decision.c
Invoking: Andes C Compiler
nds32le-elf-gcc -DCFG_APP_CONFIG -I"/cygdrive/D/BanAirBundy/bootloader/src" -I"/cygdrive/D/BanAirBundy/bootloader/src/firmware_upgrade" -I"/cygdrive/D/BanAirBundy/bootloader/otg/device/inc" -I"/cygdrive/D/BanAirBundy/bootloader/driver/driver/inc" -I"/cygdrive/D/BanAirBundy/bootloader/driver/driver_api/inc" -I"/cygdrive/D/BanAirBundy/bootloader/middleware/mv_utils/inc" -I"/cygdrive/D/BanAirBundy/bootloader/middleware/audio/inc" -Og -mcmodel=medium -g3 -Wall -mcpu=d1088-spu -c -fmessage-length=0 -ldsp -mext-dsp -fsingle-precision-constant -ffunction-sections -fdata-sections -MMD -MP -MF"src/firmware_upgrade/boot_decision.d" -MT"src/firmware_upgrade/boot_decision.d src/firmware_upgrade/boot_decision.o" -o "src/firmware_upgrade/boot_decision.o" "../src/firmware_upgrade/boot_decision.c"
Finished building: ../src/firmware_upgrade/boot_decision.c
 
Building file: ../src/firmware_upgrade/cdc_upgrade.c
Invoking: Andes C Compiler
nds32le-elf-gcc -DCFG_APP_CONFIG -I"/cygdrive/D/BanAirBundy/bootloader/src" -I"/cygdrive/D/BanAirBundy/bootloader/src/firmware_upgrade" -I"/cygdrive/D/BanAirBundy/bootloader/otg/device/inc" -I"/cygdrive/D/BanAirBundy/bootloader/driver/driver/inc" -I"/cygdrive/D/BanAirBundy/bootloader/driver/driver_api/inc" -I"/cygdrive/D/BanAirBundy/bootloader/middleware/mv_utils/inc" -I"/cygdrive/D/BanAirBundy/bootloader/middleware/audio/inc" -Og -mcmodel=medium -g3 -Wall -mcpu=d1088-spu -c -fmessage-length=0 -ldsp -mext-dsp -fsingle-precision-constant -ffunction-sections -fdata-sections -MMD -MP -MF"src/firmware_upgrade/cdc_upgrade.d" -MT"src/firmware_upgrade/cdc_upgrade.d src/firmware_upgrade/cdc_upgrade.o" -o "src/firmware_upgrade/cdc_upgrade.o" "../src/firmware_upgrade/cdc_upgrade.c"
Finished building: ../src/firmware_upgrade/cdc_upgrade.c
 
Building file: ../src/main.c
Invoking: Andes C Compiler
nds32le-elf-gcc -DCFG_APP_CONFIG -I"/cygdrive/D/BanAirBundy/bootloader/src" -I"/cygdrive/D/BanAirBundy/bootloader/src/firmware_upgrade" -I"/cygdrive/D/BanAirBundy/bootloader/otg/device/inc" -I"/cygdrive/D/BanAirBundy/bootloader/driver/driver/inc" -I"/cygdrive/D/BanAirBundy/bootloader/driver/driver_api/inc" -I"/cygdrive/D/BanAirBundy/bootloader/middleware/mv_utils/inc" -I"/cygdrive/D/BanAirBundy/bootloader/middleware/audio/inc" -Og -mcmodel=medium -g3 -Wall -mcpu=d1088-spu -c -fmessage-length=0 -ldsp -mext-dsp -fsingle-precision-constant -ffunction-sections -fdata-sections -MMD -MP -MF"src/main.d" -MT"src/main.d src/main.o" -o "src/main.o" "../src/main.c"
../src/main.c: In function 'main':
../src/main.c:132:5: warning: null argument where non-null required (argument 1) [-Wnonnull]
     Remap_InitTcm(0, 0, 12);
     ^
../src/main.c:132:5: warning: null argument where non-null required (argument 2) [-Wnonnull]
Finished building: ../src/main.c
 
Building file: ../src/usb_audio_stub.c
Invoking: Andes C Compiler
nds32le-elf-gcc -DCFG_APP_CONFIG -I"/cygdrive/D/BanAirBundy/bootloader/src" -I"/cygdrive/D/BanAirBundy/bootloader/src/firmware_upgrade" -I"/cygdrive/D/BanAirBundy/bootloader/otg/device/inc" -I"/cygdrive/D/BanAirBundy/bootloader/driver/driver/inc" -I"/cygdrive/D/BanAirBundy/bootloader/driver/driver_api/inc" -I"/cygdrive/D/BanAirBundy/bootloader/middleware/mv_utils/inc" -I"/cygdrive/D/BanAirBundy/bootloader/middleware/audio/inc" -Og -mcmodel=medium -g3 -Wall -mcpu=d1088-spu -c -fmessage-length=0 -ldsp -mext-dsp -fsingle-precision-constant -ffunction-sections -fdata-sections -MMD -MP -MF"src/usb_audio_stub.d" -MT"src/usb_audio_stub.d src/usb_audio_stub.o" -o "src/usb_audio_stub.o" "../src/usb_audio_stub.c"
Finished building: ../src/usb_audio_stub.c
 
Building file: ../startup/crt0.S
Invoking: Andes C Compiler
nds32le-elf-gcc -DCFG_APP_CONFIG -I"/cygdrive/D/BanAirBundy/bootloader/src" -I"/cygdrive/D/BanAirBundy/bootloader/src/firmware_upgrade" -I"/cygdrive/D/BanAirBundy/bootloader/otg/device/inc" -I"/cygdrive/D/BanAirBundy/bootloader/driver/driver/inc" -I"/cygdrive/D/BanAirBundy/bootloader/driver/driver_api/inc" -I"/cygdrive/D/BanAirBundy/bootloader/middleware/mv_utils/inc" -I"/cygdrive/D/BanAirBundy/bootloader/middleware/audio/inc" -Og -mcmodel=medium -g3 -Wall -mcpu=d1088-spu -c -fmessage-length=0 -ldsp -mext-dsp -fsingle-precision-constant -ffunction-sections -fdata-sections -MMD -MP -MF"startup/crt0.d" -MT"startup/crt0.d startup/crt0.o" -o "startup/crt0.o" "../startup/crt0.S"
Finished building: ../startup/crt0.S
 
Building file: ../startup/init-default.c
Invoking: Andes C Compiler
nds32le-elf-gcc -DCFG_APP_CONFIG -I"/cygdrive/D/BanAirBundy/bootloader/src" -I"/cygdrive/D/BanAirBundy/bootloader/src/firmware_upgrade" -I"/cygdrive/D/BanAirBundy/bootloader/otg/device/inc" -I"/cygdrive/D/BanAirBundy/bootloader/driver/driver/inc" -I"/cygdrive/D/BanAirBundy/bootloader/driver/driver_api/inc" -I"/cygdrive/D/BanAirBundy/bootloader/middleware/mv_utils/inc" -I"/cygdrive/D/BanAirBundy/bootloader/middleware/audio/inc" -Og -mcmodel=medium -g3 -Wall -mcpu=d1088-spu -c -fmessage-length=0 -ldsp -mext-dsp -fsingle-precision-constant -ffunction-sections -fdata-sections -MMD -MP -MF"startup/init-default.d" -MT"startup/init-default.d startup/init-default.o" -o "startup/init-default.o" "../startup/init-default.c"
Finished building: ../startup/init-default.c
 
Building file: ../startup/interrupt.c
Invoking: Andes C Compiler
nds32le-elf-gcc -DCFG_APP_CONFIG -I"/cygdrive/D/BanAirBundy/bootloader/src" -I"/cygdrive/D/BanAirBundy/bootloader/src/firmware_upgrade" -I"/cygdrive/D/BanAirBundy/bootloader/otg/device/inc" -I"/cygdrive/D/BanAirBundy/bootloader/driver/driver/inc" -I"/cygdrive/D/BanAirBundy/bootloader/driver/driver_api/inc" -I"/cygdrive/D/BanAirBundy/bootloader/middleware/mv_utils/inc" -I"/cygdrive/D/BanAirBundy/bootloader/middleware/audio/inc" -Og -mcmodel=medium -g3 -Wall -mcpu=d1088-spu -c -fmessage-length=0 -ldsp -mext-dsp -fsingle-precision-constant -ffunction-sections -fdata-sections -MMD -MP -MF"startup/interrupt.d" -MT"startup/interrupt.d startup/interrupt.o" -o "startup/interrupt.o" "../startup/interrupt.c"
Finished building: ../startup/interrupt.c
 
Building file: ../startup/retarget.c
Invoking: Andes C Compiler
nds32le-elf-gcc -DCFG_APP_CONFIG -I"/cygdrive/D/BanAirBundy/bootloader/src" -I"/cygdrive/D/BanAirBundy/bootloader/src/firmware_upgrade" -I"/cygdrive/D/BanAirBundy/bootloader/otg/device/inc" -I"/cygdrive/D/BanAirBundy/bootloader/driver/driver/inc" -I"/cygdrive/D/BanAirBundy/bootloader/driver/driver_api/inc" -I"/cygdrive/D/BanAirBundy/bootloader/middleware/mv_utils/inc" -I"/cygdrive/D/BanAirBundy/bootloader/middleware/audio/inc" -Og -mcmodel=medium -g3 -Wall -mcpu=d1088-spu -c -fmessage-length=0 -ldsp -mext-dsp -fsingle-precision-constant -ffunction-sections -fdata-sections -MMD -MP -MF"startup/retarget.d" -MT"startup/retarget.d startup/retarget.o" -o "startup/retarget.o" "../startup/retarget.c"
Finished building: ../startup/retarget.c
 
Building target: bootloader.adx
Invoking: Andes C Linker
nds32le-elf-gcc -Og -nostartfiles -static -L"/cygdrive/D/BanAirBundy/bootloader/driver/driver" -mcmodel=medium -ldsp -mext-dsp -T"../nds32-ae210p.ld" -Wl,--gc-sections -mvh -o "bootloader.adx"  ./driver/driver_api/src/uarts_interface.o  ./otg/device/src/otg_device_cdc.o ./otg/device/src/otg_device_standard_request.o  ./otg/otg_fifo.o  ./src/firmware_upgrade/app_upgrade.o ./src/firmware_upgrade/boot_decision.o ./src/firmware_upgrade/cdc_upgrade.o  ./src/main.o ./src/usb_audio_stub.o  ./startup/crt0.o ./startup/init-default.o ./startup/interrupt.o ./startup/retarget.o   -lDriver
Finished building target: bootloader.adx
 
Invoking: NM (symbol listing)
nds32le-elf-nm -n -l -C "bootloader.adx" > output/symbol.txt
Finished building: output/symbol.txt
 
Invoking: Readelf (ELF info listing)
nds32le-elf-readelf -a "bootloader.adx" > output/readelf.txt
Finished building: output/readelf.txt
 
Invoking: Objdump (disassembly)
nds32le-elf-objdump -x -d -C "bootloader.adx" > output/objdump.txt
Finished building: output/objdump.txt
 
Invoking: Objcopy (object content copy)
nds32le-elf-objcopy -S -O binary "bootloader.adx" output/bootloader.bin
Finished building: output/bootloader.bin
 
Invoking: Size (section size listing)
nds32le-elf-size  "bootloader.adx" | tee output/.PHONY.size
   text (code + rodata)	   data	    bss	    dec	    hex	filename
  31350 (26242 +   5108)	    328	   4900	  36578	   8ee2	bootloader.adx
Finished building: output/.PHONY.size
 

14:49:41 Build Finished (took 3s.678ms)

