21:43:36 **** Incremental Build of configuration Debug for project bootloader ****
make all 
Building file: ../otg/device/src/otg_device_cdc.c
Invoking: Andes C Compiler
nds32le-elf-gcc -DCFG_APP_CONFIG -I"/cygdrive/E/project_and_dataset/project/BanAirBundy/bootloader/src" -I"/cygdrive/E/project_and_dataset/project/BanAirBundy/bootloader/src/firmware_upgrade" -I"/cygdrive/E/project_and_dataset/project/BanAirBundy/bootloader/otg/device/inc" -I"/cygdrive/E/project_and_dataset/project/BanAirBundy/bootloader/driver/driver/inc" -I"/cygdrive/E/project_and_dataset/project/BanAirBundy/bootloader/driver/driver_api/inc" -I"/cygdrive/E/project_and_dataset/project/BanAirBundy/bootloader/middleware/mv_utils/inc" -I"/cygdrive/E/project_and_dataset/project/BanAirBundy/bootloader/middleware/audio/inc" -Og -mcmodel=medium -g3 -Wall -mcpu=d1088-spu -c -fmessage-length=0 -ldsp -mext-dsp -fsingle-precision-constant -ffunction-sections -fdata-sections -MMD -MP -MF"otg/device/src/otg_device_cdc.d" -MT"otg/device/src/otg_device_cdc.d otg/device/src/otg_device_cdc.o" -o "otg/device/src/otg_device_cdc.o" "../otg/device/src/otg_device_cdc.c"
Finished building: ../otg/device/src/otg_device_cdc.c
 
Building file: ../otg/device/src/otg_device_standard_request.c
Invoking: Andes C Compiler
nds32le-elf-gcc -DCFG_APP_CONFIG -I"/cygdrive/E/project_and_dataset/project/BanAirBundy/bootloader/src" -I"/cygdrive/E/project_and_dataset/project/BanAirBundy/bootloader/src/firmware_upgrade" -I"/cygdrive/E/project_and_dataset/project/BanAirBundy/bootloader/otg/device/inc" -I"/cygdrive/E/project_and_dataset/project/BanAirBundy/bootloader/driver/driver/inc" -I"/cygdrive/E/project_and_dataset/project/BanAirBundy/bootloader/driver/driver_api/inc" -I"/cygdrive/E/project_and_dataset/project/BanAirBundy/bootloader/middleware/mv_utils/inc" -I"/cygdrive/E/project_and_dataset/project/BanAirBundy/bootloader/middleware/audio/inc" -Og -mcmodel=medium -g3 -Wall -mcpu=d1088-spu -c -fmessage-length=0 -ldsp -mext-dsp -fsingle-precision-constant -ffunction-sections -fdata-sections -MMD -MP -MF"otg/device/src/otg_device_standard_request.d" -MT"otg/device/src/otg_device_standard_request.d otg/device/src/otg_device_standard_request.o" -o "otg/device/src/otg_device_standard_request.o" "../otg/device/src/otg_device_standard_request.c"
In file included from ../otg/device/src/otg_device_standard_request.c:25:0:
/cygdrive/E/project_and_dataset/project/BanAirBundy/bootloader/src/app_config.h:18:0: warning: "AUDIO_MAX_VOLUME" redefined
 #define AUDIO_MAX_VOLUME        0x7FFF
 ^
In file included from ../otg/device/src/otg_device_standard_request.c:20:0:
/cygdrive/E/project_and_dataset/project/BanAirBundy/bootloader/otg/device/inc/otg_device_audio.h:15:0: note: this is the location of the previous definition
 #define AUDIO_MAX_VOLUME  4096
 ^
../otg/device/src/otg_device_standard_request.c:35:17: warning: 's_d42_last_bus' defined but not used [-Wunused-variable]
 static uint32_t s_d42_last_bus;
                 ^
Finished building: ../otg/device/src/otg_device_standard_request.c
 
Building file: ../src/firmware_upgrade/app_upgrade.c
Invoking: Andes C Compiler
nds32le-elf-gcc -DCFG_APP_CONFIG -I"/cygdrive/E/project_and_dataset/project/BanAirBundy/bootloader/src" -I"/cygdrive/E/project_and_dataset/project/BanAirBundy/bootloader/src/firmware_upgrade" -I"/cygdrive/E/project_and_dataset/project/BanAirBundy/bootloader/otg/device/inc" -I"/cygdrive/E/project_and_dataset/project/BanAirBundy/bootloader/driver/driver/inc" -I"/cygdrive/E/project_and_dataset/project/BanAirBundy/bootloader/driver/driver_api/inc" -I"/cygdrive/E/project_and_dataset/project/BanAirBundy/bootloader/middleware/mv_utils/inc" -I"/cygdrive/E/project_and_dataset/project/BanAirBundy/bootloader/middleware/audio/inc" -Og -mcmodel=medium -g3 -Wall -mcpu=d1088-spu -c -fmessage-length=0 -ldsp -mext-dsp -fsingle-precision-constant -ffunction-sections -fdata-sections -MMD -MP -MF"src/firmware_upgrade/app_upgrade.d" -MT"src/firmware_upgrade/app_upgrade.d src/firmware_upgrade/app_upgrade.o" -o "src/firmware_upgrade/app_upgrade.o" "../src/firmware_upgrade/app_upgrade.c"
Finished building: ../src/firmware_upgrade/app_upgrade.c
 
Building file: ../src/firmware_upgrade/cdc_upgrade.c
Invoking: Andes C Compiler
nds32le-elf-gcc -DCFG_APP_CONFIG -I"/cygdrive/E/project_and_dataset/project/BanAirBundy/bootloader/src" -I"/cygdrive/E/project_and_dataset/project/BanAirBundy/bootloader/src/firmware_upgrade" -I"/cygdrive/E/project_and_dataset/project/BanAirBundy/bootloader/otg/device/inc" -I"/cygdrive/E/project_and_dataset/project/BanAirBundy/bootloader/driver/driver/inc" -I"/cygdrive/E/project_and_dataset/project/BanAirBundy/bootloader/driver/driver_api/inc" -I"/cygdrive/E/project_and_dataset/project/BanAirBundy/bootloader/middleware/mv_utils/inc" -I"/cygdrive/E/project_and_dataset/project/BanAirBundy/bootloader/middleware/audio/inc" -Og -mcmodel=medium -g3 -Wall -mcpu=d1088-spu -c -fmessage-length=0 -ldsp -mext-dsp -fsingle-precision-constant -ffunction-sections -fdata-sections -MMD -MP -MF"src/firmware_upgrade/cdc_upgrade.d" -MT"src/firmware_upgrade/cdc_upgrade.d src/firmware_upgrade/cdc_upgrade.o" -o "src/firmware_upgrade/cdc_upgrade.o" "../src/firmware_upgrade/cdc_upgrade.c"
Finished building: ../src/firmware_upgrade/cdc_upgrade.c
 
Building file: ../src/main.c
Invoking: Andes C Compiler
nds32le-elf-gcc -DCFG_APP_CONFIG -I"/cygdrive/E/project_and_dataset/project/BanAirBundy/bootloader/src" -I"/cygdrive/E/project_and_dataset/project/BanAirBundy/bootloader/src/firmware_upgrade" -I"/cygdrive/E/project_and_dataset/project/BanAirBundy/bootloader/otg/device/inc" -I"/cygdrive/E/project_and_dataset/project/BanAirBundy/bootloader/driver/driver/inc" -I"/cygdrive/E/project_and_dataset/project/BanAirBundy/bootloader/driver/driver_api/inc" -I"/cygdrive/E/project_and_dataset/project/BanAirBundy/bootloader/middleware/mv_utils/inc" -I"/cygdrive/E/project_and_dataset/project/BanAirBundy/bootloader/middleware/audio/inc" -Og -mcmodel=medium -g3 -Wall -mcpu=d1088-spu -c -fmessage-length=0 -ldsp -mext-dsp -fsingle-precision-constant -ffunction-sections -fdata-sections -MMD -MP -MF"src/main.d" -MT"src/main.d src/main.o" -o "src/main.o" "../src/main.c"
../src/main.c: In function 'main':
../src/main.c:159:5: warning: null argument where non-null required (argument 1) [-Wnonnull]
     Remap_InitTcm(0, 0, 12);
     ^
../src/main.c:159:5: warning: null argument where non-null required (argument 2) [-Wnonnull]
Finished building: ../src/main.c
 
Building target: bootloader.adx
Invoking: Andes C Linker
nds32le-elf-gcc -Og -nostartfiles -static -L"/cygdrive/E/project_and_dataset/project/BanAirBundy/bootloader/driver/driver" -mcmodel=medium -ldsp -mext-dsp -T"../nds32-ae210p.ld" -Wl,--gc-sections -mvh -o "bootloader.adx"  ./driver/driver_api/src/uarts_interface.o  ./otg/device/src/otg_device_cdc.o ./otg/device/src/otg_device_standard_request.o  ./otg/otg_fifo.o  ./src/firmware_upgrade/app_upgrade.o ./src/firmware_upgrade/boot_decision.o ./src/firmware_upgrade/cdc_upgrade.o  ./src/main.o ./src/usb_audio_stub.o  ./startup/crt0.o ./startup/init-default.o ./startup/interrupt.o ./startup/retarget.o   -lDriver
Finished building target: bootloader.adx
 
Invoking: NM (symbol listing)
nds32le-elf-nm -n -l -C "bootloader.adx" > output/symbol.txt
Finished building: output/symbol.txt
 
Invoking: Readelf (ELF info listing)
nds32le-elf-readelf -a "bootloader.adx" > output/readelf.txt
Finished building: output/readelf.txt
 
Invoking: Objdump (disassembly)
nds32le-elf-objdump -x -d -C "bootloader.adx" > output/objdump.txt
Finished building: output/objdump.txt
 
Invoking: Objcopy (object content copy)
nds32le-elf-objcopy -S -O binary "bootloader.adx" output/bootloader.bin
Finished building: output/bootloader.bin
 
Invoking: Size (section size listing)
nds32le-elf-size  "bootloader.adx" | tee output/.PHONY.size
   text (code + rodata)	   data	    bss	    dec	    hex	filename
  33078 (25986 +   7092)	    328	   4892	  38298	   959a	bootloader.adx
Finished building: output/.PHONY.size
 

21:43:39 Build Finished (took 2s.806ms)

